// Jest Snapshot v1, https://goo.gl/fbAQLP

exports[`Blog Component renders correctly 1`] = `
<div
  className="sc-fzpans cLzOFF sc-fzqBZW iphkXo"
  id="blog"
>
  <h2>
    Latest post
  </h2>
  <div
    className="sc-fzqNJr hFjPfQ"
  />
</div>
`;
