// Jest Snapshot v1, https://goo.gl/fbAQLP

exports[`Project Component renders correctly 1`] = `
<div
  className="sc-fzqBZW hBpDZs"
  id="about"
>
  <div
    className="sc-fzpans cLzOFF sc-fzqNJr PzOZk"
  >
    <div
      className="sc-fzoLag kdSrNb"
    >
      <img
        alt="I’m Claire and I’m a Frontend developer and student!"
        src="test-file-stub"
      />
    </div>
    <div
      className="sc-fzoyAV dHUstq"
    >
      <h1>
        Hi There!
      </h1>
      <p>
        My name is Claire Bun. I am a DEC (Quebec's diploma of college studies) in Information Technology. Currently, I am an undergraduate in Computer Science. I have mostly experience in Angular and ReactJs.
      </p>
      <a
        className="sc-fzplWN jnWZni"
        href="#contact"
        onClick={[Function]}
      >
        Hire me
      </a>
    </div>
  </div>
</div>
`;
